# Feed begin ######################
title: #heise online News#
link: #http://www.heise.de/newsticker/#
description: #Nachrichten nicht nur aus der Welt der Computer#
# Item begin ######################
id: #hash:72556a424db41b9ee0176282b52bb8b6#
title: #Kreditkarten-Software soll unerlaubte Datenspeicherung ermöglichen#
link: #http://www.heise.de/newsticker/meldung/71009#
# Item end ########################
# Item begin ######################
id: #hash:713f6d48ba9d6d469ed72d425920447c#
title: #Branche diskutiert über Chip-Testzentrum in Dresden#
link: #http://www.heise.de/newsticker/meldung/71010#
# Item end ########################
# Feed end ########################

