# Feed begin ######################
title: #laut.de - cd kritiken#
link: #http://www.laut.de#
description: #laut.de: aktuelle CD-Kritiken#
copyright: #Copyright © 2004 laut.de#
# Image begin #####################
url: #http://www.laut.de/partner/allgemein/logo.gif#
title: #laut.de#
link: #http://www.laut.de#
# Image end #######################
# Item begin ######################
id: #http://www.laut.de/lautstark/cd-reviews/v/various_artists/output_channel_4/index.htm#
title: #Various Artists: Output Channel 4#
link: #http://www.laut.de/lautstark/cd-reviews/v/various_artists/output_channel_4/index.htm#
description: #Trevor &quot;Playgroup&quot; Jackson bittet zum Tanz. (4/5)#
datePublished: #Thu Jan 12 10:58:38 2006#
dateUpdated: #Thu Jan 12 10:58:38 2006#
language: #de#
# Item end ########################
# Item begin ######################
id: #http://www.laut.de/lautstark/cd-reviews/s/strokes/first_impressions_of_earth/index.htm#
title: #The Strokes: First Impressions Of Earth#
link: #http://www.laut.de/lautstark/cd-reviews/s/strokes/first_impressions_of_earth/index.htm#
description: #Der Rock'n'Roll-Thron bleibt in New York. (5/5)#
datePublished: #Thu Jan 5 12:49:24 2006#
dateUpdated: #Thu Jan 5 12:49:24 2006#
language: #de#
# Item end ########################
# Item begin ######################
id: #http://www.laut.de/lautstark/dvd_reviews/c/costello_elvis/the_right_spectacle/index.htm#
title: #Elvis Costello: The Right Spectacle (DVD)#
link: #http://www.laut.de/lautstark/dvd_reviews/c/costello_elvis/the_right_spectacle/index.htm#
description: #&quot;Du meine Güte, wer ist denn dieser betrunkene Typ?&quot; Na du, Elvis! (3/5)#
datePublished: #Tue Jan 3 10:04:17 2006#
dateUpdated: #Tue Jan 3 10:04:17 2006#
language: #de#
# Item end ########################
# Item begin ######################
id: #http://www.laut.de/lautstark/cd-reviews/d/donahue_tim/madmen_and_sinners_feat_james_labrie/index.htm#
title: #Tim Donahue: Madmen And Sinners (feat. James LaBrie)#
link: #http://www.laut.de/lautstark/cd-reviews/d/donahue_tim/madmen_and_sinners_feat_james_labrie/index.htm#
description: #Da verharrt die Kinnlade in Bodennähe ... (3/5)#
datePublished: #Tue Jan 3 10:00:08 2006#
dateUpdated: #Tue Jan 3 10:00:08 2006#
language: #de#
# Item end ########################
# Item begin ######################
id: #http://www.laut.de/lautstark/dvd_reviews/s/sodom/lords_of_depravity_pt_i/index.htm#
title: #Sodom: Lords Of Depravity - Pt. I (DVD)#
link: #http://www.laut.de/lautstark/dvd_reviews/s/sodom/lords_of_depravity_pt_i/index.htm#
description: #Authentisch und vor allem verdammt unterhaltsam. (4/5)#
datePublished: #Mon Jan 2 16:37:02 2006#
dateUpdated: #Mon Jan 2 16:37:02 2006#
language: #de#
# Item end ########################
# Feed end ########################

