# Feed begin ######################
title: #Debian Security#
link: #http://security.debian.org/#
description: #<br/>Debian Security Advisories<br/>#
# Item begin ######################
id: #http://www.debian.org/security/2006/dsa-1008#
title: #DSA-1008 kdegraphics - buffer overflow#
link: #http://www.debian.org/security/2006/dsa-1008#
description: #<p>Marcelo Ricardo Leitner noticed that the current patch in DSA 932 (<a href="http://cve.mitre.org/cgi-bin/cvename.cgi?name=CVE-2005-3627">CVE-2005-3627</a>) for kpdf, the PDF viewer for KDE, does not fix all buffer overflows, still allowing an attacker to execute arbitrary code.</p>#
datePublished: #Fri Mar 17 00:00:00 2006#
dateUpdated: #Fri Mar 17 00:00:00 2006#
# Item end ########################
# Feed end ########################

