# Feed begin ######################
title: #tagesschau.de - Die Nachrichten der ARD#
link: #http://www.tagesschau.de#
description: #tagesschau.de: Dieses Dokument enthält die Schlagzeilen der aktuellen tagesschau.de-Homepage#
# Item begin ######################
id: #hash:3412d326a45e471a0a8dc50780905e84#
title: #Geisterfahrerin meldet &quot;zahlreiche Falschfahrer&quot;#
link: #http://www.tagesschau.de/aktuell/meldungen/0,1185,OID5340368_REF1,00.html#
description: #Völlig erschrocken hat eine 41-jährige Geisterfahrerin auf der Autobahn Salzburg-München (A8) per Handy die Polizei über &quot;zahlreiche Falschfahrer&quot; informiert. Von Anrufen anderer Autofahrer vorgewarnt, forderten die Beamten die Frau auf sofort anzuhalten. Die zehn Kilometer lange Geisterfahrt endete glücklich.#
# Item end ########################
# Item begin ######################
id: #hash:ca66461d5922eb8ccb5221922317c338#
title: #Entführte Mitarbeiter von Düsseldorfer Firma tot#
link: #http://www.tagesschau.de/aktuell/meldungen/0,1185,OID5341382_REF1,00.html#
description: #Vier Mitarbeiter der deutschen Firma Ecolog sind in Afghanistan ermordet worden. Ihre Leichen seien von einem Kollegen identifiziert worden, teilte das Düsseldorfer Unternehmen mit. Die Männer waren vor einer Woche entführt worden.#
# Item end ########################
# Item begin ######################
id: #hash:2108931794ffaa0d3a51baf2c0e7448b#
title: #Aktionstag: Zehntausende demonstrieren in Frankreich#
link: #http://www.tagesschau.de/aktuell/meldungen/0,1185,OID5335976_REF1,00.html#
description: #Seit Tagen halten die Proteste gegen die Arbeitsmarktreform in Frankreich an. Heute sollen die Demonstrationen einen neuen Höhepunkt erreichen. Die Organisatoren rechnen mit bis zu einer Million Teilnehmer. Seit dem Morgen versammeln sich Zehntausende im ganzen Land.#
# Item end ########################
# Feed end ########################

