# Feed begin ######################
# Item begin ######################
id: #hash:6c7bc9ec1d97eedb07d152b659b76292#
title: #alternate link of type &quot;text/html&quot; pointing to &quot;http://www.example.com&quot;/#
link: #http://www.example.com/#
# Item end ########################
# Item begin ######################
id: #hash:374a7c141b6075486d27065aef062d54#
title: #alternate link of type &quot;text/html&quot; pointing to &quot;http://www.example.com/&quot;, with a title#
link: #http://www.example.com/#
# Item end ########################
# Item begin ######################
id: #hash:ed9442e40fa093bc5666d65e0aecb25f#
title: #a link without &quot;rel&quot; attribute. rel defaults to &quot;alternate&quot;#
link: #http://www.example.com/#
# Item end ########################
# Item begin ######################
id: #hash:1d44b9adc1594b2c7d098e6ac387dd98#
title: #&quot;related&quot; link of type &quot;text/html&quot; pointing to &quot;http://www.example.com/&quot;#
# Item end ########################
# Item begin ######################
id: #hash:2a16bb58ccbcd7f4ec46546044d6e382#
title: #&quot;via&quot; link of type &quot;text/html&quot; pointing to &quot;http://www.example.com/&quot;#
# Item end ########################
# Item begin ######################
id: #hash:b2a0d205a18b689c3ecb5a9b93560eff#
title: #&quot;self&quot; link of type &quot;text/html&quot; pointing to &quot;http://www.example.com/&quot;#
# Item end ########################
# Item begin ######################
id: #hash:051f5191819c447305b6ca1be7cd3318#
title: #rel=&quot;http://feedparser.org/rel/test&quot;#
# Item end ########################
# Item begin ######################
id: #hash:dfa701ca661823b5870bc88b7f4d2ec9#
title: #An enclosure link pointing to a website#
# Enclosure begin #################
url: #http://www.example.com/#
type: #text/html#
# Enclosure end ###################
# Item end ########################
# Item begin ######################
id: #hash:3cdea5ff9cf041dc686c89032ec551b7#
title: #Enclosure link to a mpeg4 file without &quot;length&quot; attribute. This should be mapped to an Enclosure!#
# Enclosure begin #################
url: #http://www.example.com/movie.mp4#
type: #video/mpeg4#
# Enclosure end ###################
# Item end ########################
# Item begin ######################
id: #hash:c4453b2b023a66709c1118edcf09f01b#
title: #Enclosure link to a mpeg4 file with &quot;length&quot; attribute. This should be mapped to an Enclosure!#
# Enclosure begin #################
url: #http://www.example.com/movie.mp4#
type: #video/mpeg4#
length: #42301#
# Enclosure end ###################
# Item end ########################
# Item begin ######################
id: #hash:f872b9721748412472a5207540c30e2b#
title: #two links, one &quot;alternate&quot;/&quot;application/xhtml+xml&quot;, one &quot;service.post&quot;/&quot;application/atom+xml&quot;#
link: #http://www.example.com/#
# Item end ########################
# Item begin ######################
id: #hash:804fee0c0539abed187c8238087b3f71#
title: #An &quot;alternate&quot; link with title and language information#
link: #http://www.example.com/#
# Item end ########################
# Item begin ######################
id: #hash:b8ba4fad9a139c31af97e9f111ed60e4#
title: #multiple links with rel values of &quot;alternate&quot;, &quot;related&quot; and &quot;via&quot;#
link: #http://www.example.com/alternate#
# Item end ########################
# Item begin ######################
id: #hash:af024a9b2e2b6bb0fb86673516d3fd2f#
title: #&quot;alternate&quot; link of type &quot;application/xhtml+xml&quot;#
link: #http://www.example.com/#
# Item end ########################
# Feed end ########################

