# Feed begin ######################
title: #This test feeds contains relative URIs of all kinds, which should be completed using xml:base. Affected are: Attributes: generator uri, content src, link href. Elements: &lt;uri> and &lt;logo>. XHTML in text constructs and content. Exceptions: category scheme, and the &lt;id> element, they are expected to contain absolute IRIs.#
# Category begin ##################
term: #some category#
scheme: #schemes/localSchemeName#
label: #This is a category from scheme schemes/localSchemeName. We do not complete the scheme IRI, being an IRI, not an IRI reference.#
# Category end ####################
# Image begin #####################
url: #http://example.com/feed/someicon.png#
# Image end #######################
# Item begin ######################
id: #hash:1561f3f16674e0542ca889baa30c96da#
title: #<div xmlns="http://www.w3.org/1999/xhtml" :base="http://example.com/test/" xmlns:="http://www.w3.org/XML/1998/namespace" >Example <a xmlns="http://www.w3.org/1999/xhtml" href="test.html" >test</a>. The link must point to http://example.com/test/test.html.</div>#
# Item end ########################
# Item begin ######################
id: #hash:96e74844f5681ebe28eb57b128617f83#
title: #<div xmlns="http://www.w3.org/1999/xhtml" :base="http://example.com/test/" xmlns:="http://www.w3.org/XML/1998/namespace" >Example <a xmlns="http://www.w3.org/1999/xhtml" href="test.html" >test</a>. The link must point to http://example.com/test/test.html. (not .../parent/test.html)</div>#
# Item end ########################
# Item begin ######################
id: #hash:26a72dc40c8c814708983b81efec0c0d#
title: #This is item's &lt;content> has a src attribute pointing to http://example.com/feed/somesrc.html#
# Item end ########################
# Item begin ######################
id: #hash:c32021d482c2f2055727924f38f65b90#
title: #This entry's link and author uri point to test.html. Both must be completed to http://example.com/test/test.html#
link: #http://example.com/test/test.html#
# Person begin ####################
name: #Test#
uri: #http://example.com/test/test.html#
# Person end ######################
# Item end ########################
# Item begin ######################
id: #test/someRelativeUri.html#
title: #Although this entry's id contains a relative URL, libsyndication should not complete it, as IDs are expected to be absolute IRIs.#
# Item end ########################
# Feed end ########################

