# Feed begin ######################
# Item begin ######################
id: #hash:d41d8cd98f00b204e9800998ecf8427e#
# Category begin ##################
term: #atom10#
scheme: #http://feedparser.org/tests/#
label: #Atom 1.0 tests#
# Category end ####################
# Item end ########################
# Feed end ########################

