# Feed begin ######################
# Item begin ######################
id: #hash:04e1506c08ab31729272a33183baea80#
title: #This entry contains plain text with no type set#
content: #Me &amp; You, &lt; and > History of the &lt;blink> tag.#
# Item end ########################
# Item begin ######################
id: #hash:feba402ec72f532af55726ec51b7bddb#
title: #This entry contains plain text with type=text#
content: #Me &amp; You. History of the &lt;blink> tag.#
# Item end ########################
# Item begin ######################
id: #hash:59458b1c5584d2f9742701c5d1420e1d#
title: #This entry contains plain text with type=text/plain#
content: #Me &amp; You. History of the &lt;blink> tag.#
# Item end ########################
# Item begin ######################
id: #hash:ff5d7863bad4dde5b8927303777cac2b#
title: #This entry contains escaped HTML with type=text/html#
content: #Me &amp; You. History of the &lt;blink&gt; tag. And a <a href="http://akregator.sf.net/">link</a>#
# Item end ########################
# Item begin ######################
id: #hash:235d4073f1fa6e7b85a75dc517c2f6d3#
title: #This entry contains escaped HTML with type=html#
content: #Me &amp; You. History of the &lt;blink&gt; tag. And a <a href="http://akregator.sf.net/">link</a>#
# Item end ########################
# Item begin ######################
id: #hash:e553c8b99d1085f8245dfecd3f901770#
title: #This entry links to remote content via src attribute#
# Item end ########################
# Item begin ######################
id: #hash:742cefcb733002e54f9bc31755d4534c#
title: #This entry contains embedded XHTML with type=xhtml#
content: #<div xmlns="http://www.w3.org/1999/xhtml">A &amp; B. History of the &lt;blink> tag.</div> <div xmlns="http://www.w3.org/1999/xhtml">Example <b xmlns="http://www.w3.org/1999/xhtml">Atom</b> </div>#
# Item end ########################
# Item begin ######################
id: #hash:bbca64b18cdb71a9aaf9aead88ff0ba8#
title: #This entry contains base64-encoded binary content (&quot;Example &lt;b&gt;Atom&lt;/b&gt;&quot;)#
# Item end ########################
# Item begin ######################
id: #hash:d74bf42e7834863c2c5af3e25304a3ac#
title: #This entry contains embedded XHTML, but the mimetype is application/x-pdf, so 
           the parser should try to interpret it as binary content (And fail gracefully, without
           crashing)#
# Item end ########################
# Feed end ########################

