# Feed begin ######################
# Item begin ######################
id: #http://www.example.com/%7Ebob#
# Item end ########################
# Item begin ######################
id: #http://www.example.com/%7ebob#
# Item end ########################
# Item begin ######################
id: #http://www.example.com/~bob#
# Item end ########################
# Item begin ######################
id: #HTTP://www.example.org/thing#
# Item end ########################
# Item begin ######################
id: #http://www.EXAMPLE.org/thing#
# Item end ########################
# Item begin ######################
id: #http://www.example.org/Thing#
# Item end ########################
# Item begin ######################
id: #http://www.example.org/thing#
# Item end ########################
# Feed end ########################

