# Feed begin ######################
title: #Heimwege - Weblog#
link: #http://heimwege.blogspot.com#
description: #Die Aufgabe dieses Blogs besteht darin, ein online-Tagebuch für mein - einem Sieb gleichenden - Gedächtnis zu sein. Dies garantiert mir die Erhaltung der Erinnerung an glorreiche Tage... naja... zumindest sollte es das tun :-)#
language: #de-DE#
# Item begin ######################
id: #tag:blogger.com,1999:blog-12068954.post-114254862589983110#
title: #Do you Dojo?#
link: #http://heimwege.blogspot.com/2006/03/do-you-dojo.html#
description: #<div xmlns="http://www.w3.org/1999/xhtml" :base="http://heimwege.blogspot.com" xmlns:="http://www.w3.org/XML/1998/namespace" >Dojo ist ein absolut geniales OpenSource Toolkit für schicke Ajax-Applikationen. Evtl können wir etwas von seinem Glanz im KaukuloWiki verwenden oder bei der Visualisierung der Gnowsis Suche...<br/> Eine ähnlich vielversprechende JavaScript-Library ist übrigens script.aculo.us welche im Zuge des webbasierten Wissensmanagement-Tools Fluxiom entwickelt wurde</div>#
datePublished: #Thu Mar 16 23:31:00 2006#
dateUpdated: #Thu Mar 16 23:31:00 2006#
language: #de-DE#
# Person begin ####################
name: #Dominik#
# Person end ######################
# Item end ########################
# Feed end ########################

