# Feed begin ######################
title: #Foobar&apos;s Weblog#
link: #http://www.foobar.de/wordpress#
description: #Some tagline here#
copyright: #Copyright 2006#
language: #en#
# Item begin ######################
id: #http://www.foobar.de/wordpress/archives/2006/03/17/some-title/#
title: #Some title#
link: #http://www.foobar.de/wordpress/archives/2006/03/17/some-title/#
description: #Some funky plain text#
content: #<p>I like <a href="http://somewhere.com">this</a> a lot.</p>#
datePublished: #Fri Mar 17 20:44:36 2006#
dateUpdated: #Fri Mar 17 20:44:36 2006#
language: #en#
# Person begin ####################
name: #Foobar#
# Person end ######################
# Item end ########################
# Feed end ########################

