# Feed begin ######################
title: #osterfeld#
link: #http://cia.navi.cx/stats/author/osterfeld#
description: #CIA Stats#
# Item begin ######################
id: #http://cia.navi.cx/stats/author/osterfeld/.message/65e7a#
title: #fix case in menu items and action names#
link: #http://cia.navi.cx/stats/author/osterfeld/.message/65e7a#
description: #<div style="border: 1px solid #888; background-color: #DDD; padding: 0.25em 0.5em; margin: 0em;"> Commit by <strong>osterfeld</strong> <span style="color: #888;"> :: </span> r<b>519554</b> <b>yakuake</b>/trunk/extragear/utils/yakuake/src/main_window.cpp: </div> <div style="padding: 0em; margin: 0.5em 0em;"> fix case in menu items and action names </div>#
datePublished: #Fri Mar 17 14:53:27 2006#
dateUpdated: #Fri Mar 17 14:53:27 2006#
# Item end ########################
# Feed end ########################

