# Feed begin ######################
title: #RSS 2.0 content test F#
link: #http://www.example.com/#
description: #Feed Description#
# Item begin ######################
id: #http://www.example.com/a/1#
title: #content:encoded - escaped entities#
link: #http://www.example.com/a/1#
description: #content:encoded escaped entities#
content: #<p>This is supposed to be a paragraph. With a <a href="http://www.example.com/">link inside</a>.</p>#
datePublished: #Sun Mar 14 19:59:12 2004#
dateUpdated: #Sun Mar 14 19:59:12 2004#
commentsLink: #http://www.bersvendsen.com/arkiv/207.html#comments#
# Item end ########################
# Feed end ########################

