# Feed begin ######################
title: #RSS 2.0 content test A#
link: #http://www.example.com/#
description: #Feed Description#
# Item begin ######################
id: #http://www.example.com/a/1#
title: #CDATA in description - plain-text with HTML entities#
link: #http://www.example.com/a/1#
description: #This entry contains a description embedded in CDATA, but the content really is plain-text, apart from HTML entities. Filler content &#8212; Scandinavian letters follow: &aelig; &oslash; &aring;#
datePublished: #Sun Mar 14 19:59:12 2004#
dateUpdated: #Sun Mar 14 19:59:12 2004#
# Item end ########################
# Feed end ########################

