# Feed begin ######################
title: #RSS 2.0 Content test C#
link: #http://www.example.com/#
description: #Feed Description#
# Item begin ######################
id: #http://www.example.com/a/1#
title: #HTML in description. Escaped using entities.#
link: #http://www.example.com/a/1#
description: #<p>This is supposed to be a paragraph. With a <a href="http://www.example.com/">link inside</a>.</p>#
datePublished: #Sun Mar 14 19:59:12 2004#
dateUpdated: #Sun Mar 14 19:59:12 2004#
# Item end ########################
# Feed end ########################

