# Feed begin ######################
title: #Feedster on: akregator#
link: #http://www.feedster.com/search/akregator#
description: #Feedster-powered RSS search result feed on: akregator#
# Image begin #####################
url: #http://i.feedster.com/logo_small.png#
title: #Feedster#
link: #http://feedster.com#
height: #31#
width: #88#
# Image end #######################
# Item begin ######################
id: #hash:66a4acfc976ffe0f5f8df2ab26a8c773#
title: #akregator RSS/Atom feed reader#
link: #http://akregator.sourceforge.net/#
description: #akregator allows you to browse through thousands of internet feeds without the hassle of using a web browser.#
datePublished: #Sat Mar 18 16:08:24 2006#
dateUpdated: #Sat Mar 18 16:08:24 2006#
# Item end ########################
# Item begin ######################
id: #hash:c7474e34adab9d62f2f5d5ec3057ba08#
title: #akregator RSS Atom feed reader#
link: #http://akregator.sourceforge.net/download.php#
description: #<table><tr valign=middle><td width=90 height=90><a href="http://akregator.sourceforge.net/download.php"> <img src="http://www.wists.com/thumbnails/f/03/f03b652740a2701e0df4f99075352ecf" border=0></a></td></tr><tr><td><b><a href="http://www.wists.com/?action=add&amp;url=http%3A%2F%2Fakregator.sourceforge.net%2Fdownload.php&amp;from_user=jaffa">add item to my Wists</a></b></td></tr></table> <p>#
datePublished: #Mon Mar 6 01:00:00 2006#
dateUpdated: #Mon Mar 6 01:00:00 2006#
# Item end ########################
# Feed end ########################

