# Feed begin ######################
title: #KDE-Apps.org Content#
link: #http://www.kde-apps.org#
description: #KDE-Apps.org: Applications for your KDE-Desktop#
language: #en-us#
# Item begin ######################
id: #http://www.KDE-Apps.org/content/show.php?content=36596#
title: #GamLetter 0.1.7 (Text Processing)#
link: #http://www.KDE-Apps.org/content/show.php?content=36596#
description: #GamLetter is a frontend for tetex3/scrlttr2 to create (german) letters. It works fine here on Gentoo and gambas2-1.9.25. <br /><br /><img src="http://www.KDE-Apps.org/content/m1/m36596-1.png" alt="Thumbnail" class="thumbnail" />#
datePublished: #Sat Mar 18 14:29:58 2006#
dateUpdated: #Sat Mar 18 14:29:58 2006#
# Category begin ##################
term: #Text Processing#
# Category end ####################
# Item end ########################
# Item begin ######################
id: #http://www.KDE-Apps.org/content/show.php?content=36594#
title: #playlist repair 0.0-2 (Sound Application)#
link: #http://www.KDE-Apps.org/content/show.php?content=36594#
description: #Playlist-repair scans music-playlists (M3U and PLS) for dead-links (moved or renamed files) and double entries. The search-enginge finds moved and similar named files and replaces the wrong entrys in the playlist.<br /><br /><img src="http://www.KDE-Apps.org/content/m1/m36594-1.png" alt="Thumbnail" class="thumbnail" />#
datePublished: #Sat Mar 18 12:50:43 2006#
dateUpdated: #Sat Mar 18 12:50:43 2006#
# Category begin ##################
term: #Sound Application#
# Category end ####################
# Item end ########################
# Feed end ########################

