# Feed begin ######################
title: #Bestiary Supervisor#
link: #http://madfire.livejournal.com/#
description: #Bestiary Supervisor - LiveJournal.com#
# Image begin #####################
url: #http://www.livejournal.com/userpic/39245722/627280#
title: #Bestiary Supervisor#
link: #http://madfire.livejournal.com/#
height: #100#
width: #100#
# Image end #######################
# Item begin ######################
id: #http://madfire.livejournal.com/339838.html#
link: #http://madfire.livejournal.com/339838.html#
description: #I am Loki. The master of deception. The lord of fooling. The Trickster.<br /><br />Превед, <span class='ljuser' style='white-space: nowrap;'><a href='http://crz.livejournal.com/profile'><img src='http://stat.livejournal.com/img/userinfo.gif' alt='[info]' width='17' height='17' style='vertical-align: bottom; border: 0;' /></a><a href='http://crz.livejournal.com/'><b>crz</b></a></span> :)#
datePublished: #Wed Mar 15 10:45:28 2006#
dateUpdated: #Wed Mar 15 10:45:28 2006#
commentsLink: #http://madfire.livejournal.com/339838.html#
# Item end ########################
# Item begin ######################
id: #http://madfire.livejournal.com/334668.html#
link: #http://madfire.livejournal.com/334668.html#
description: #Вы почти уболтали меня на <a href="http://medi.ru/doc/3101.htm">фенотропил</a>...<br /><br /><br /><a href="http://utx.ambience.ru/users/madfire/nootrop/"><img src="http://utx.ambience.ru/img/madfire/nootrop/" hspace="3" vspace="3" title="nootrop" border="0" height="5" width="30" style="background-color:#c00;" /><small> nootrop</small></a>#
datePublished: #Sun Feb 19 05:47:56 2006#
dateUpdated: #Sun Feb 19 05:47:56 2006#
commentsLink: #http://madfire.livejournal.com/334668.html#
# Item end ########################
# Item begin ######################
id: #http://madfire.livejournal.com/333888.html#
link: #http://madfire.livejournal.com/333888.html#
description: #Знали бы вы, как я хочу, блядь, лето.#
datePublished: #Wed Feb 15 22:26:30 2006#
dateUpdated: #Wed Feb 15 22:26:30 2006#
commentsLink: #http://madfire.livejournal.com/333888.html#
# Item end ########################
# Feed end ########################

