# Feed begin ######################
title: #Pro-Linux News#
link: #http://www.pro-linux.de/#
description: #Pro-Linux - Wir geben Ihrem Computer das Leben zurück#
copyright: #Copyright 2001-2004 Pro-Linux#
# Image begin #####################
url: #http://www.pl-forum.de/images/pl_black.jpg#
title: #Pro-Linux News#
link: #http://www.pro-linux.de/#
height: #50#
width: #50#
# Image end #######################
# Item begin ######################
id: #hash:f52661769fe0335f3d944f36665959d8#
title: #Mainsoft und IBM wollen Portierung auf Linux unterstützen#
link: #http://www.pro-linux.de/news/2006/9148.html#
description: #Gemeinsam wollen Mainsoft und IBM dafür sorgen, daß sich.NET-Anwendungen für Windows einfach auf eine J2EE-Plattform unter Linux portieren lassen.#
# Item end ########################
# Item begin ######################
id: #hash:5d64537aad2fd2e15fdc59622b1d255b#
title: #Captive NTFS 1.1.6.1 erschienen#
link: #http://www.pro-linux.de/news/2006/9147.html#
description: #Bereits am 29. Dezember hat Jan Kratchvil die Version 1.1.6.1 seines Softwarepakets Captive NTFS freigegeben.#
# Item end ########################
# Item begin ######################
id: #hash:9fc22c84486d9b25badc25376de3fa74#
title: #linuxrobots.org startet mit steuerbarem Roboter#
link: #http://www.pro-linux.de/news/2006/9146.html#
description: #Michael Shiloh hat eine Webseite gestartet, die zu einer Sammelstelle für Informationen über Linux und Roboter werden soll.#
# Item end ########################
# Feed end ########################

