# Feed begin ######################
title: #DIE ZEIT: Homepage#
link: #http://www.zeit.de/index#
description: #DIE ZEIT - Wochenzeitung fuer Politik, Wirtschaft, Wissen und Kultur: Homepage#
language: #de-de#
# Item begin ######################
id: #hash:30cabbd07e2547ecbf58ffb57135c541#
title: #&quot;Kein Vergleich zu Mai 68&quot;#
link: #http://www.zeit.de/online/2006/12/frankreich#
description: #Daniel Cohn-Bendit hält eine Gleichsetzung der aktuellen Studentenproteste in Frankreich mit den Demonstrationen vom Mai 1968 für nicht gerechtfertigt.#
# Item end ########################
# Item begin ######################
id: #hash:0f09df59d4e56128d86fb808bad25bda#
title: #Pop In Der Oper (5): Etwas frivoler, bitte!#
link: #http://www.zeit.de/online/2006/12/pop_in_der_oper_5#
description: #Am 18. März 2006 soll das Musiktheaterstück &quot;Erdöl&quot; nach Pier Paolo Pasolini an der Opera Stabile in Hamburg Premiere feiern. Wir begleiten die Proben. Fünfter Teil: Letzte Details, denn jetzt wird’s ernst… Von Andy Schoon#
# Item end ########################
# Item begin ######################
id: #hash:5db8f54cc403fb043319786d5940d419#
title: #Bildung &amp; Beruf#
link: #/wissen/bildung/index#
description: #Ein Schwerpunkt mit ZEIT-Artikeln zum Thema#
# Item end ########################
# Feed end ########################

